[www.chattifi.com/index.html]
[www.aydrate.com/index.html]
[taltop.com/index.html]
[helpi.io/index.html]
[backblue.gif]
[fade.gif]
[index.html]
[www.getkvisi.com/index.html]
[www.aydrate.com/wp-content/plugins/recent-tweets-widget/tp_twitter_plugin5152.css]
[www.aydrate.com/wp-content/plugins/woocommerce/assets/css/woocommerce-layoutdeae.css]
[fonts.googleapis.com/index.html]
[www.aydrate.com/feed/index.html]
[www.aydrate.com/comments/feed/index.html]
[www.aydrate.com/wp-content/plugins/woocommerce/assets/css/woocommerce-smallscreendeae.css]
[www.aydrate.com/wp-content/plugins/woocommerce/assets/css/woocommercedeae.css]
[www.aydrate.com/wp-content/plugins/wp-menu-cart/css/wpmenucart-iconsee45.css]
[www.aydrate.com/wp-content/plugins/wp-menu-cart/css/wpmenucart-mainee45.css]
[fonts.googleapis.com/cssa027.css]
[www.aydrate.com/wp-content/themes/novelpro/css/bootstrapee45.css]
[www.aydrate.com/wp-content/themes/novelpro/font-awesome/css/font-awesome.minee45.css]
[www.aydrate.com/wp-content/themes/novelpro/css/animateee45.css]
[www.aydrate.com/wp-content/themes/novelpro/css/jquery.bxslideree45.css]
[www.aydrate.com/wp-content/themes/novelpro/css/prettyPhotoee45.css]
[www.aydrate.com/wp-content/themes/novelpro/css/menu-cssee45.css]
[www.aydrate.com/wp-content/themes/novelpro/css/owl.carouselee45.css]
[www.aydrate.com/wp-content/themes/novelpro/styleee45.css]
[www.aydrate.com/wp-content/plugins/lead-form-builder/css/f-styleee45.css]
[www.aydrate.com/wp-includes/js/jquery/jqueryb8ff.js]
[www.aydrate.com/wp-includes/js/jquery/jquery-migrate.min330a.js]
[www.aydrate.com/xmlrpc0db0.php]
[www.aydrate.com/wp-includes/wlwmanifest.xml]
[www.aydrate.com/wp-json/index.html]
[www.aydrate.com/wp-content/themes/novelpro/images/pattern.png]
[www.aydrate.com/wp-content/uploads/2016/08/20160815_095147-e1472140630865.jpg]
[www.aydrate.com/wp-content/themes/novelpro/images/testimonial-back.jpg]
[www.aydrate.com/wp-content/uploads/2017/02/20170121_083219-e1488201899405.jpg]
[www.aydrate.com/wp-content/themes/novelpro/images/pricing.jpg]
[www.aydrate.com/wp-content/uploads/2016/09/20160816_1535420-e1475059472954.jpg]
[www.aydrate.com/wp-content/uploads/2016/09/bike.jpg]
[www.aydrate.com/wp-content/uploads/2016/09/cropped-site-icon-32x32.png]
[www.aydrate.com/wp-content/uploads/2016/09/cropped-site-icon-192x192.png]
[cdn.oribi.io/XzE3NzQxNjMxNTU/oribi.js]
[www.aydrate.com/wp-content/uploads/2016/09/cropped-site-icon-180x180.png]
[www.aydrate.com/wp-content/uploads/2016/09/aydrate-logo.png]
[www.aydrate.com/wp-content/uploads/2016/08/Aidrate_what_if.jpg]
[www.google-analytics.com/analytics.js]
[www.aydrate.com/news/index.html]
[www.aydrate.com/wp-content/uploads/2016/09/IMG_20150207_084603.jpg]
[www.aydrate.com/wp-content/uploads/2017/07/Aydrate-new.mp4]
[www.aydrate.com/wp-content/uploads/thumb-cache/brucesq-f399fd926acf28fa981cc27ba7e28170-225x225-100-crop.jpg]
[www.aydrate.com/wp-content/uploads/thumb-cache/omrisq-89b8a632f519858cec10f762f72d90e0-225x225-100-crop.jpg]
[www.aydrate.com/wp-content/uploads/thumb-cache/yaronsq-6b0de3516602ec95cb39564052b1234a-225x225-100-crop.jpg]
[www.aydrate.com/wp-content/uploads/thumb-cache/shanisq-88fd20522cfbccbcbaaa145ab032f0a8-225x225-100-crop.jpg]
[www.aydrate.com/wp-content/uploads/thumb-cache/eitziksq-38215e328d18d8d9a69f9f761632dcda-225x225-100-crop.jpg]
[www.aydrate.com/wp-content/uploads/thumb-cache/oren-55a8bb035682168142e68371d246837b-225x225-100-crop.jpg]
[www.aydrate.com/wp-content/plugins/lead-form-builder/images/load.gif]
[www.aydrate.com/wp-content/plugins/woocommerce/assets/js/frontend/add-to-cart.mindeae.js]
[www.aydrate.com/wp-content/plugins/woocommerce/assets/js/jquery-blockui/jquery.blockUI.min44fd.js]
[www.aydrate.com/presenting-at-webit/index.html]
[www.aydrate.com/wp-content/plugins/woocommerce/assets/js/js-cookie/js.cookie.min6b25.js]
[www.aydrate.com/wp-content/plugins/woocommerce/assets/js/frontend/woocommerce.mindeae.js]
[www.aydrate.com/wp-content/plugins/woocommerce/assets/js/frontend/cart-fragments.mindeae.js]
[www.aydrate.com/wp-content/themes/novelpro/js/classie5a7e.js]
[www.aydrate.com/wp-content/themes/novelpro/js/jqBootstrapValidation5a7e.js]
[www.aydrate.com/wp-content/themes/novelpro/js/jquery.easing.1.35a7e.js]
[www.aydrate.com/wp-content/themes/novelpro/js/bootstrap5a7e.js]
[www.aydrate.com/wp-content/themes/novelpro/js/jquery.superslides5a7e.js]
[www.aydrate.com/wp-content/themes/novelpro/js/hammer5a7e.js]
[www.aydrate.com/wp-content/themes/novelpro/js/jquery.flexslider5a7e.js]
[www.aydrate.com/wp-content/themes/novelpro/js/jquery.prettyPhoto5a7e.js]
[www.aydrate.com/wp-content/themes/novelpro/js/jquery.jcarousellite5a7e.js]
[www.aydrate.com/wp-content/themes/novelpro/js/jquery.bxslider5a7e.js]
[www.aydrate.com/wp-content/themes/novelpro/js/imagesloaded5a7e.js]
[www.aydrate.com/wp-content/themes/novelpro/js/owl.carousel5a7e.js]
[www.aydrate.com/wp-content/themes/novelpro/js/skrollr5a7e.js]
[www.aydrate.com/wp-content/themes/novelpro/js/wow5a7e.js]
[www.aydrate.com/wp-content/themes/novelpro/js/custom5a7e.js]
[www.aydrate.com/wp-includes/js/jquery/ui/core.mine899.js]
[www.aydrate.com/wp-includes/js/jquery/ui/datepicker.mine899.js]
[www.aydrate.com/wp-content/plugins/lead-form-builder/js/f-script8a54.js]
[www.aydrate.com/index.html]
[www.aydrate.com/wp-includes/js/wp-embed.minee45.js]
[www.chattifi.com/images/favicon.png]
[fonts.googleapis.com/cssff98.css]
[www.chattifi.com/css/bootstrap.min.css]
[fonts.googleapis.com/icone91f.css]
[www.chattifi.com/css/converse.css]
[www.chattifi.com/css/mobile.css]
[www.chattifi.com/index-2.html]
[www.chattifi.com/images/logo55.png]
[www.chattifi.com/images/icon/1.png]
[fonts.googleapis.com/css55d0.css]
[www.chattifi.com/images/icon/2.png]
[www.chattifi.com/images/icon/3.png]
[www.chattifi.com/images/icon/4.png]
[www.chattifi.com/images/icon/5.png]
[www.chattifi.com/images/icon/6.png]
[www.chattifi.com/images/icon/7.png]
[www.chattifi.com/images/icon/8.png]
[www.chattifi.com/js/form.js]
[www.chattifi.com/index.html]
[www.chattifi.com/images/footer-logo.png]
[taltop.com/wp-content/plugins/contact-form-7/includes/css/styles33a6.css]
[taltop.com/index.php/feed/index.html]
[taltop.com/index.php/comments/feed/index.html]
[taltop.com/wp-content/plugins/contact-form-7/includes/css/styles-rtl33a6.css]
[fonts.googleapis.com/css4ea1.css]
[taltop.com/wp-content/themes/square/css/jquery.bxslider8aee.css]
[taltop.com/wp-content/themes/square/css/animate5152.css]
[taltop.com/wp-content/themes/square/css/font-awesome4698.css]
[taltop.com/wp-content/themes/square/css/owl.carousel3ba1.css]
[taltop.com/wp-content/themes/square/css/owl.theme3ba1.css]
[taltop.com/wp-content/themes/square/styleee45.css]
[taltop.com/wp-includes/js/jquery/jquery-migrate.min330a.js]
[taltop.com/wp-includes/js/jquery/jqueryb8ff.js]
[taltop.com/wp-content/plugins/duracelltomi-google-tag-manager/js/gtm4wp-contact-form-7-tracker4735.js]
[taltop.com/wp-content/plugins/duracelltomi-google-tag-manager/js/gtm4wp-form-move-tracker4735.js]
[taltop.com/xmlrpc0db0.php]
[taltop.com/wp-includes/wlwmanifest.xml]
[taltop.com/index.php/wp-json/index.html]
[taltop.com/wp-content/themes/square/images/bg.jpg]
[taltop.com/wp-content/themes/square/images/banner-shadow.png]
[js.hs-scripts.com/3027729.js]
[taltop.com/index.php/sendcv/index.html]
[taltop.com/wp-content/plugins/contact-form-7/includes/js/scripts33a6.js]
[taltop.com/index.php/jobs/index.html]
[js.hs-scripts.com/3027729ee45.js]
[taltop.com/index.php/publish/index.html]
[taltop.com/wp-content/themes/square/js/modernizr6fca.js]
[taltop.com/wp-content/themes/square/js/jquery.bxslider8aee.js]
[taltop.com/wp-content/themes/square/js/owl.carousel3ba1.js]
[taltop.com/wp-content/themes/square/js/jquery.superfishdc1b.js]
[taltop.com/wp-content/themes/square/js/draggabilly.pkgd.min3ba1.js]
[taltop.com/wp-content/themes/square/js/elastiStack8a54.js]
[taltop.com/wp-content/themes/square/js/square-customc7bc.js]
[taltop.com/wp-includes/js/wp-embed.minee45.js]
[taltop.com/index.html]
[taltop.com/index.php/salary-table/index.html]
[taltop.com/index.php/questions/index.html]
[taltop.com/index.php/info/index.html]
[kado.tech/feed/index.html]
[fonts.googleapis.com/css0f22.css]
[taltop.com/index.php/about/index.html]
[kado.tech/comments/feed/index.html]
[fonts.googleapis.com/css843b.css]
[kado.tech/wp-includes/js/jquery/jqueryb8ff.js]
[kado.tech/wp-includes/js/jquery/jquery-migrate.min330a.js]
[kado.tech/wp-content/themes/startit/assets/js/scrolltoplugin.minad6f.js]
[fonts.googleapis.com/css82f9.css]
[kado.tech/wp-content/plugins/LayerSlider/static/js/greensockcd11.js]
[kado.tech/wp-content/plugins/LayerSlider/static/js/layerslider.kreaturamedia.jquery6fda.js]
[kado.tech/wp-content/plugins/LayerSlider/static/js/layerslider.transitions6fda.js]
[kado.tech/wp-content/plugins/revslider/public/assets/js/jquery.themepunch.tools.min5223.js]
[kado.tech/wp-content/plugins/revslider/public/assets/js/jquery.themepunch.revolution.min5223.js]
[kado.tech/wp-content/plugins/woocommerce/assets/js/frontend/add-to-cart.min0226.js]
[kado.tech/wp-content/plugins/js_composer/assets/js/vendors/woocommerce-add-to-cart9d08.js]
[kado.tech/wp-content/plugins/pixelyoursite/js/public58aa.js]
[kado.tech/wp-content/plugins/popup-click/public/assets/js/jquery-cookie/jquery.cookiead6f.js]
[kado.tech/wp-content/plugins/popup-click/public/assets/js/publicad6f.js]
[kado.tech/wp-json/index.html]
[kado.tech/wp-includes/wlwmanifest.xml]
[kado.tech/wp-json/oembed/1.0/embedb705.json]
[kado.tech/wp-json/oembed/1.0/embeded64]
[kado.tech/wp-content/uploads/2016/12/Kado-Fav.png]
[kado.tech/wp-content/uploads/2016/12/Reserve-Kado-Sleeve.jpg]
[kado.tech/wp-content/uploads/2016/12/Reserve-Kado-Wallet.jpg]
[kado.tech/wp-content/uploads/2016/10/cream_pixels9b2e.png]
[connect.facebook.net/en_US/fbevents.js]
[www.facebook.com/tr7474.gif]
[kado.tech/wp-content/uploads/2016/12/Kado_Logo_White_Green.png]
[kado.tech/wp-content/uploads/2016/10/Kado_Logo.png]
[fonts.googleapis.com/css1d0d.css]
[kado.tech/wp-content/plugins/revslider/admin/assets/images/transparent.png]
[kado.tech/wp-content/uploads/2016/10/Kado-LightHouse.jpg]
[kado.tech/wp-content/uploads/2017/06/edt-us-Open_Close_01.682.png]
[kado.tech/wp-content/uploads/2017/06/edit-EU-Open_Close_01.637.png]
[kado.tech/wp-content/uploads/2016/12/KadoCards-V2.png]
[kado.tech/wp-content/uploads/2017/02/videoplay.jpg]
[kado.tech/wp-content/uploads/2016/12/USA-Today-Small.jpg]
[kado.tech/wp-content/uploads/2016/12/TomsGuide-Small.jpg]
[kado.tech/wp-content/uploads/2016/12/tc.png]
[kado.tech/wp-content/uploads/2016/12/mashable-1.png]
[kado.tech/wp-content/uploads/2016/12/digitaltrends.png]
[kado.tech/wp-content/uploads/2016/11/MWC_awards_page_badge-lg-2.png]
[kado.tech/wp-content/uploads/2016/12/Young-Adults-Coffee-Kado-v3.jpg]
[kado.tech/wp-content/uploads/2016/12/Kado-NoMoreBulk-1-v4.png]
[kado.tech/wp-content/uploads/2016/12/Kado-NoMoreBulk-1-v4-293x300.png]
[kado.tech/wp-content/uploads/2016/12/Kado-Laptop.png]
[kado.tech/wp-content/uploads/2016/12/Kado-Abstract-v2.jpg]
[kado.tech/wp-content/uploads/2017/06/edt-us-Open_Close_01.682-152x300.png]
[kado.tech/wp-content/uploads/2017/06/edit-EU-Open_Close_01.637-150x150.png]
[kado.tech/wp-content/uploads/2017/06/edt-us-Open_Close_01.682-150x150.png]
[kado.tech/wp-content/uploads/2017/02/US-White-Lightning.679.png]
[kado.tech/wp-content/uploads/2017/02/US-White-Lightning.679-150x150.png]
[kado.tech/wp-content/uploads/2016/12/Kado-Sleeve-OpenFolded-v2.png]
[kado.tech/wp-content/uploads/2016/12/KadoSleeve-Product-Image-1.jpg]
[kado.tech/wp-content/uploads/2016/12/KadoSleeve-Product-Image-1-150x150.jpg]
[kado.tech/wp-content/uploads/2016/12/KadoSleeve-Product-Image-2.jpg]
[kado.tech/wp-content/uploads/2016/12/KadoSleeve-Product-Image-2-150x150.jpg]
[kado.tech/wp-content/uploads/2016/12/KadoSleeve-Product-Image-3.jpg]
[kado.tech/wp-content/uploads/2016/12/KadoSleeve-Product-Image-3-150x150.jpg]
[kado.tech/wp-content/uploads/2016/12/Kado-Concept-Colour-3.jpg]
[kado.tech/wp-content/uploads/2016/12/Kado-Slim-icon.png]
[kado.tech/wp-content/uploads/2016/12/Kado-Lightweight-icon-white.png]
[kado.tech/wp-content/uploads/2016/12/Kado-Laptop-icon-white.png]
[kado.tech/wp-content/uploads/2016/12/Kado-Safe-icon-white.png]
[kado.tech/wp-content/uploads/2016/12/Kado-Revolutionary-icon-white-1.png]
[www.facebook.com/trb3e5.gif]
[www.facebook.com/tr9a31.gif]
[kado.tech/wp-content/plugins/contact-form-7/includes/js/scripts33a6.js]
[kado.tech/wp-content/plugins/woocommerce/assets/js/jquery-blockui/jquery.blockUI.min44fd.js]
[kado.tech/wp-content/plugins/woocommerce/assets/js/js-cookie/js.cookie.min6b25.js]
[kado.tech/wp-content/plugins/woocommerce/assets/js/frontend/woocommerce.min0226.js]
[kado.tech/wp-content/plugins/woocommerce/assets/js/frontend/cart-fragments.min0226.js]
[kado.tech/wp-includes/js/underscore.min4511.js]
[kado.tech/wp-content/plugins/wordpress-popup/assets/js/front.min4963.js]
[kado.tech/wp-includes/js/jquery/ui/core.mine899.js]
[kado.tech/wp-includes/js/jquery/ui/widget.mine899.js]
[kado.tech/wp-includes/js/jquery/ui/tabs.mine899.js]
[kado.tech/wp-includes/js/jquery/ui/accordion.mine899.js]
[kado.tech/wp-includes/js/mediaelement/mediaelement-and-player.min51cd.js]
[kado.tech/wp-includes/js/mediaelement/wp-mediaelement.minad6f.js]
[kado.tech/wp-includes/js/jquery/ui/mouse.mine899.js]
[kado.tech/wp-includes/js/jquery/ui/slider.mine899.js]
[kado.tech/wp-content/themes/startit/assets/js/third-party.minad6f.js]
[kado.tech/wp-content/plugins/js_composer/assets/lib/bower/isotope/dist/isotope.pkgd.min9d08.js]
[kado.tech/wp-content/themes/startit/assets/js/smoothPageScrollad6f.js]
[kado.tech/wp-content/themes/startit/assets/js/modules.minad6f.js]
[kado.tech/wp-includes/js/comment-reply.minad6f.js]
[kado.tech/wp-content/plugins/js_composer/assets/js/dist/js_composer_front.min9d08.js]
[kado.tech/wp-content/themes/startit/assets/js/like.min5152.js]
[kado.tech/wp-includes/js/wp-embed.minad6f.js]
[kado.tech/wp-content/plugins/js_composer/assets/lib/waypoints/waypoints.min9d08.js]
[kado.tech/wp-content/plugins/js_composer/assets/lib/bower/flexslider/jquery.flexslider-min9d08.js]
[kado.tech/wp-content/plugins/js_composer/assets/lib/prettyphoto/js/jquery.prettyPhoto.min9d08.js]
[www.kado.tech/index.html]
[secure.gravatar.com/index.html]
[f.vimeocdn.com/index.html]
[matchpool.co/comments/feed/index.html]
[fonts.googleapis.com/css7775.css]
[matchpool.co/wp-includes/js/jquery/jqueryb8ff.js]
[matchpool.co/wp-includes/js/jquery/jquery-migrate.min330a.js]
[matchpool.co/wp-content/plugins/progress-bar/js/wppb_animatee100.js]
[matchpool.co/wp-content/plugins/sitepress-multilingual-cms/templates/language-switchers/legacy-dropdown/script68b3.js]
[matchpool.co/wp-content/plugins/the-countdown-pro/js/jquery.countdown.min001e.js]
[matchpool.co/wp-content/themes/matchpool/js/vendor/modernizr-2.6.2.mine100.js]
[matchpool.co/wp-json/index.html]
[matchpool.co/xmlrpc0db0.php]
[matchpool.co/wp-includes/wlwmanifest.xml]
[matchpool.co/wp-json/oembed/1.0/embed54e2.json]
[matchpool.co/wp-json/oembed/1.0/embedaae3]
[matchpool.co/wp-content/uploads/fbrfg/apple-touch-icon.png]
[matchpool.co/wp-content/uploads/fbrfg/favicon-32x32.png]
[matchpool.co/wp-content/uploads/fbrfg/favicon-16x16.png]
[matchpool.co/wp-content/uploads/fbrfg/manifest.json]
[matchpool.co/wp-content/uploads/fbrfg/favicon.ico]
[use.typekit.net/hwu1dmx.js]
[matchpool.co/wp-content/uploads/2017/10/Matchpool_180.png]
[matchpool.co/wp-content/uploads/2017/10/Matchpool_Hero_Logo_180_wht.png]
[matchpool.co/wp-content/uploads/2017/10/Matchpool_Hero_Logo_180.png]
[matchpool.co/wp-content/plugins/sitepress-multilingual-cms/res/flags/en.png]
[matchpool.co/wp-content/plugins/sitepress-multilingual-cms/res/flags/ja.png]
[matchpool.co/wp-content/plugins/sitepress-multilingual-cms/res/flags/ko.png]
[matchpool.co/wp-content/plugins/sitepress-multilingual-cms/res/flags/zh-hans.png]
[i2.wp.com/matchpool.co/wp-content/uploads/2016/12/matchpool_homeac50.jpg]
[i1.wp.com/matchpool.co/wp-content/uploads/2017/10/eye7989.png]
[i2.wp.com/matchpool.co/wp-content/uploads/2016/12/atom7989.png]
[i2.wp.com/matchpool.co/wp-content/uploads/2016/12/badge7989.png]
[i2.wp.com/matchpool.co/wp-content/uploads/2016/12/mountains2d03.png]
[widget.intercom.io/widget/paby7e18.129.delayed]
[js.intercomcdn.com/shim.e1e943a8.js]
[matchpool.co/wp-includes/js/comment-reply.mine100.js]
[matchpool.co/wp-content/plugins/jetpack/modules/photon/photonb3d9.js]
[s0.wp.com/wp-content/js/devicepx-jetpacke0f4.js]
[secure.gravatar.com/js/gprofiles8778.js]
[matchpool.co/wp-content/plugins/jetpack/modules/wpgrohoe100.js]
[f.vimeocdn.com/js/froogaloop2.mine100.js]
[matchpool.co/wp-content/plugins/be-page-builder/js/main-pluginse100.js]
[matchpool.co/wp-content/themes/matchpool/js/theme-pluginse100.js]
[matchpool.co/wp-content/themes/matchpool/js/be-slidere100.js]
[matchpool.co/wp-content/themes/matchpool/js/theme_opt_plugins/plugin-scrollToSectionse100.js]
[matchpool.co/wp-content/themes/matchpool/js/theme_opt_plugins/plugin-canvase100.js]
[matchpool.co/wp-content/themes/matchpool/js/theme_opt_plugins/plugin-NProgresse100.js]
[matchpool.co/wp-content/plugins/be-page-builder/js/opt_plugins/plugin-magnificpopupe100.js]
[matchpool.co/wp-content/plugins/be-page-builder/js/opt_plugins/plugin-backgroundchecke100.js]
[matchpool.co/wp-includes/js/jquery/ui/core.mine899.js]
[matchpool.co/wp-includes/js/jquery/ui/widget.mine899.js]
[matchpool.co/wp-includes/js/jquery/ui/accordion.mine899.js]
[matchpool.co/wp-includes/js/jquery/ui/tabs.mine899.js]
[matchpool.co/wp-includes/js/jquery/ui/effect.mine899.js]
[matchpool.co/wp-content/themes/matchpool/js/scripte100.js]
[matchpool.co/wp-content/plugins/be-page-builder/js/be-modules-plugine100.js]
[matchpool.co/wp-content/plugins/be-page-builder/js/opt_plugins/plugin-textRotatore100.js]
[matchpool.co/wp-content/plugins/be-page-builder/js/opt_plugins/plugin-easyPieCharte100.js]
[matchpool.co/wp-content/plugins/be-page-builder/js/opt_plugins/plugin-hoverdire100.js]
[matchpool.co/wp-content/plugins/be-page-builder/js/opt_plugins/plugin-typede100.js]
[matchpool.co/wp-content/plugins/be-page-builder/js/opt_plugins/plugin-countToe100.js]
[matchpool.co/wp-content/plugins/be-page-builder/js/opt_plugins/jquery.countdown.mine100.js]
[matchpool.co/wp-content/plugins/be-page-builder/js/opt_plugins/jquery.justifiedGallery.mine100.js]
[matchpool.co/wp-content/plugins/be-page-builder/js/be-modules-scripte100.js]
[matchpool.co/wp-content/plugins/be-page-builder/js/be-portfolio-layoute100.js]
[matchpool.co/wp-content/plugins/mailchimp-for-wp/assets/js/forms-api.min4819.js]
[matchpool.co/wp-content/plugins/mc4wp-premium/ajax-forms/assets/js/ajax-forms.mine485.js]
[matchpool.co/wp-includes/js/wp-embed.mine100.js]
[matchpool.co/wp-content/plugins/sitepress-multilingual-cms/res/js/sitepresse100.js]
[matchpool.co/index.html]
[stats.wp.com/e-201752.js]
[www.bapp.co.il/feed/index.html]
[www.bapp.co.il/comments/feed/index.html]
[www.bapp.co.il/homepage/feed/index.html]
[fonts.googleapis.com/css8fca.css]
[www.bapp.co.il/wp-includes/js/jquery/jqueryb8ff.js]
[www.bapp.co.il/wp-includes/js/jquery/jquery-migrate.min330a.js]
[www.bapp.co.il/wp-content/themes/enfold-child/js/isotope-rtl5859.js]
[www.bapp.co.il/wp-content/themes/enfold/js/avia-compat77ae.js]
[www.bapp.co.il/wp-includes/js/mediaelement/mediaelement-and-player.min45a0.js]
[www.bapp.co.il/wp-includes/js/mediaelement/mediaelement-migrate.min5859.js]
[www.bapp.co.il/xmlrpc0db0.php]
[www.bapp.co.il/wp-includes/wlwmanifest.xml]
[www.bapp.co.il/wp-json/index.html]
[www.bapp.co.il/wp-json/oembed/1.0/embed795d.json]
[www.bapp.co.il/wp-json/oembed/1.0/embedd82c]
[www.bapp.co.il/wp-content/themes/enfold/config-templatebuilder/avia-template-builder/assets/fonts/entypo-fontello30f4.eot]
[www.bapp.co.il/wp-content/themes/enfold/config-templatebuilder/avia-template-builder/assets/fonts/entypo-fontello30f4.woff]
[www.bapp.co.il/wp-content/themes/enfold/config-templatebuilder/avia-template-builder/assets/fonts/entypo-fontello30f4.ttf]
[www.bapp.co.il/wp-content/uploads/avia_fonts/fontello/fontello.eot]
[www.bapp.co.il/wp-content/uploads/avia_fonts/fontello/fontellod41d.eot]
[www.bapp.co.il/wp-content/uploads/avia_fonts/fontello/fontello.woff]
[www.bapp.co.il/wp-content/uploads/avia_fonts/fontello/fontello.ttf]
[www.bapp.co.il/wp-content/uploads/2015/02/BAPP-LOGO.png]
[www.bapp.co.il/wp-content/uploads/2015/02/shutterstock_193013597-2.jpg]
[www.bapp.co.il/wp-content/uploads/2015/02/Image-addToDana-2-180x180.jpg]
[www.bapp.co.il/wp-content/uploads/2015/02/logo-AVG1.png]
[www.bapp.co.il/wp-content/uploads/2015/02/tomer-180x180.jpg]
[www.bapp.co.il/wp-content/uploads/2015/02/shutterstock_110539775-2-296x300.jpg]
[www.bapp.co.il/wp-content/uploads/2015/02/real-45.jpg]
[www.bapp.co.il/wp-content/uploads/2015/02/dean1-180x180.jpg]
[www.bapp.co.il/wp-content/uploads/2015/02/comewise-45.jpg]
[www.bapp.co.il/wp-content/plugins/animate-it/assets/js/animo.min4bf4.js]
[www.bapp.co.il/wp-content/plugins/animate-it/assets/js/jquery.ba-throttle-debounce.min4963.js]
[www.bapp.co.il/wp-content/plugins/animate-it/assets/js/viewportcheckerc2d0.js]
[www.bapp.co.il/wp-content/plugins/animate-it/assets/js/edsanimatec2d0.js]
[www.bapp.co.il/wp-content/plugins/animate-it/assets/js/edsanimate.site47a7.js]
[www.bapp.co.il/wp-content/themes/enfold/js/avia592e.js]
[www.bapp.co.il/wp-content/themes/enfold/js/shortcodes592e.js]
[www.bapp.co.il/wp-content/themes/enfold/js/aviapopup/jquery.magnific-popup.min77ae.js]
[www.bapp.co.il/wp-includes/js/mediaelement/wp-mediaelement.min5859.js]
[www.bapp.co.il/wp-includes/js/comment-reply.min5859.js]
[www.bapp.co.il/wp-includes/js/wp-embed.min5859.js]
[www.bapp.co.il/wp-includes/js/jquery/jquery.form.min50fa.js]
[www.bapp.co.il/wp-includes/js/underscore.min4511.js]
[www.bapp.co.il/wp-includes/js/backbone.min9632.js]
[www.bapp.co.il/wp-content/plugins/ninja-forms/deprecated/js/min/ninja-forms-display.minb3a4.js]
[www.bapp.co.il/wp-content/plugins/ninja-forms-uploads/js/min/ninja-forms-uploads-display.min5859.js]
[www.bapp.co.il/index.html]
[helpi.io/libs/bootstrap/css/bootstrap-grid.min.css]
[helpi.io/libs/pe-icon-7-stroke/css/pe-icon-7-stroke.css]
[helpi.io/libs/font-awesome-4.6.3/css/font-awesome.min.css]
[helpi.io/libs/superfish-master/css/superfish.css]
[helpi.io/libs/magnific-popup/magnific-popup.css]
[helpi.io/libs/ytp-player/css/jquery.mb.YTPlayer.min.css]
[helpi.io/libs/slick/slick.css]
[helpi.io/libs/animate/animate.css]
[helpi.io/css/main.css]
[helpi.io/img/logo-big681a.png]
[helpi.io/img/helpi-site-bg.png]
[helpi.io/img/logo-big.png]
[fonts.googleapis.com/css9bd4.css]
[helpi.io/libs/jquery/jquery-1.12.0.min.js]
[helpi.io/js/libs.js]
[helpi.io/js/common.js]
[helpi.io/index.html]
[static.wixstatic.com/media/7c28e9_7c9317bf39074a7d9d963167efabce0a.jpg/v1/fill/w_32,h_32,lg_1,usm_0.66_1.00_0.01/7c28e9_7c9317bf39074a7d9d963167efabce0a.jpg]
[static.parastorage.com/services/third-party/requirejs/2.1.15/require.min.js]
[static.parastorage.com/services/santa/1.2648.20/app/main-r.min.js]
[static.parastorage.com/unpkg/lodash@4.17.4/lodash.min.js]
[static.parastorage.com/unpkg/zepto@1.2.0/dist/zepto.min.js]
[static.parastorage.com/unpkg/react@15.5.4/dist/react-with-addons.min.js]
[www.getkvisi.com/sitemap.xml]
[www.getkvisi.com/feed.1a8.delayed]
[static.wixstatic.com/sites/7c28e9_0e69ea352e4ab945cc9b1ec3ae2ef12f_161.json30f4.json]
[www.getkvisi.com/index.html]
[static.wixstatic.com/sites/7c28e9_30193e85609f9ba392e7d3041501be85_161.json30f4.json]
[gmpg.org/xfn/11.html]
[www.aydrate.com/xmlrpc.php]
[fonts.googleapis.com/index.html]
[s.w.org/index.html]
[fonts.googleapis.com/cssa027.css]
[www.aydrate.com/wp-json/oembed/1.0/embed2bef.json]
[www.aydrate.com/wp-json/oembed/1.0/embed2bfa]
[www.aydrate.com/wp-content/uploads/2017/05/20170426_131916-816x450.jpg]
[www.aydrate.com/news/index.html]
[www.aydrate.com/[14_56, 10/16/2017] ברוס_ https_/www.linkedin.com/in/itzikzalma/index.html]
[www.aydrate.com/wp-json/oembed/1.0/embed98a1.json]
[www.aydrate.com/presenting-at-webit/feed/index.html]
[www.aydrate.com/presenting-at-webit/index.html]
[www.aydrate.com/wp-json/oembed/1.0/embed8bda]
[fonts.googleapis.com/cssff98.css]
[fonts.googleapis.com/css55d0.css]
[fonts.googleapis.com/icone91f.css]
[www.chattifi.com/index-2.html]
[taltop.com/xmlrpc.php]
[js.hs-scripts.com/index.html]
[fonts.googleapis.com/css4ea1.css]
[taltop.com/indexed4e.html]
[taltop.com/index.php/wp-json/oembed/1.0/embed62eb.json]
[taltop.com/index.php/sendcv/index.html]
[taltop.com/index.php/wp-json/oembed/1.0/embedad55]
[taltop.com/index.php/wp-json/oembed/1.0/embedc7e2.json]
[taltop.com/index.php/jobs/index.html]
[taltop.com/index.php/wp-json/oembed/1.0/embed1366]
[taltop.com/index.php/wp-json/oembed/1.0/embed2559.json]
[taltop.com/index.php/publish/index.html]
[taltop.com/index.php/wp-json/oembed/1.0/embed986c]
[taltop.com/index.php/wp-json/oembed/1.0/embed2799.json]
[taltop.com/index.php/salary-table/index.html]
[taltop.com/index.php/wp-json/oembed/1.0/embed2283]
[taltop.com/index.php/wp-json/oembed/1.0/embed4a87.json]
[taltop.com/index.php/questions/index.html]
[taltop.com/index.php/wp-json/oembed/1.0/embed004e]
[taltop.com/index.php/wp-json/oembed/1.0/embedf424.json]
[taltop.com/index.php/info/index.html]
[taltop.com/index.php/wp-json/oembed/1.0/embed63e5]
[taltop.com/index.php/wp-json/oembed/1.0/embed0713.json]
[taltop.com/index.php/about/feed/index.html]
[taltop.com/index.php/about/index.html]
[taltop.com/index.php/wp-json/oembed/1.0/embed7276]
[kado.tech/xmlrpc.html]
[maps.googleapis.com/index.html]
[fonts.googleapis.com/css0f22.css]
[fonts.googleapis.com/css843b.css]
[fonts.googleapis.com/css82f9.css]
[kado.tech/xmlrpc0db0.html]
[fonts.googleapis.com/css1d0d.css]
[matchpool.co/indexc9e6.html]
[matchpool.co/wp-json/index50bf.html]
[matchpool.co/comments/feed/indexc9e6.html]
[matchpool.co/wp-json/index069a.html]
[matchpool.co/wp-json/indexd293.html]
[matchpool.co/wp-json/index2580.html]
[matchpool.co/index7542.html]
[matchpool.co/comments/feed/index7542.html]
[matchpool.co/wp-json/index559c.html]
[matchpool.co/index29ea.html]
[matchpool.co/wp-json/indexf15b.html]
[matchpool.co/wp-json/indexa095.html]
[matchpool.co/comments/feed/index29ea.html]
[s0.wp.com/index.html]
[secure.gravatar.com/favicon.ico]
[matchpool.co/wp-json/index5da7.html]
[matchpool.co/wp-json/index389e.html]
[s.gravatar.com/css/style65de.css]
[s.gravatar.com/css/profile65de.css]
[s.gravatar.com/css/jquery.Jcrop.0.9.1265de.css]
[secure.gravatar.com/js/jcarousel/lib/jquery.jcarousel.css]
[secure.gravatar.com/js/jcarousel/skins/tango/skin.css]
[fonts.googleapis.com/css32b6.css]
[s0.wp.com/i/noticons/noticons.css]
[2.gravatar.com/avatar/767fc9c115a1b989744c755db47feb60cf4a.jpeg]
[1.gravatar.com/avatar/767fc9c115a1b989744c755db47feb607c90.jpeg]
[secure.gravatar.com/index.html]
[f.vimeocdn.com/index.html]
[matchpool.co/feed/index.html]
[fonts.googleapis.com/css7775.css]
[v0.wordpress.com/index.html]
[i0.wp.com/index.html]
[i1.wp.com/index.html]
[i2.wp.com/index.html]
[matchpool.co/wp-json/oembed/1.0/embed21b8.json]
[matchpool.co/wp-json/oembed/1.0/embed241c]
[matchpool.co/wp-content/plugins/sitepress-multilingual-cms/res/flags/ru.png]
[i0.wp.com/matchpool.co/wp-content/uploads/2017/10/connectionbb05.png]
[i1.wp.com/matchpool.co/wp-content/uploads/2017/10/eye8243.png]
[i1.wp.com/matchpool.co/wp-content/uploads/2017/10/Matchpool-Teamb94e.jpg]
[matchpool.co/about/index.html]
[matchpool.co/wp-json/oembed/1.0/embedb7fc.json]
[matchpool.co/wp-json/oembed/1.0/embed7d53]
[i1.wp.com/matchpool.co/wp-content/uploads/2017/10/trust958e.png]
[i0.wp.com/matchpool.co/wp-content/uploads/2017/10/bloggerc6c8.png]
[i0.wp.com/matchpool.co/wp-content/uploads/2017/10/startupc6c8.png]
[i1.wp.com/matchpool.co/wp-content/uploads/2017/10/educationc6c8.png]
[i2.wp.com/matchpool.co/wp-content/uploads/2017/10/love-letterc6c8.png]
[i0.wp.com/matchpool.co/wp-content/uploads/2017/10/handshakec6c8.png]
[i0.wp.com/matchpool.co/wp-content/uploads/2017/10/heartc6c8.png]
[i0.wp.com/matchpool.co/wp-content/uploads/2017/10/planet-earthc6c8.png]
[i2.wp.com/matchpool.co/wp-content/uploads/2017/10/video-camerac6c8.png]
[i2.wp.com/matchpool.co/wp-content/uploads/2017/10/groupc6c8.png]
[matchpool.co/use-cases/index.html]
[matchpool.co/wp-json/oembed/1.0/embeda25a.json]
[matchpool.co/wp-json/oembed/1.0/embed7367]
[i2.wp.com/matchpool.co/wp-content/uploads/2017/10/money7989.png]
[i0.wp.com/matchpool.co/wp-content/uploads/2017/10/scale7989.png]
[i2.wp.com/matchpool.co/wp-content/uploads/2017/10/coin7989.png]
[matchpool.co/guppy/index.html]
[matchpool.co/wp-json/oembed/1.0/embedc30b.json]
[matchpool.co/wp-json/oembed/1.0/embed8a0d]
[i1.wp.com/matchpool.co/wp-content/uploads/2017/10/teamworkc95d.png]
[i1.wp.com/matchpool.co/wp-content/uploads/2017/10/designc95d.png]
[i0.wp.com/matchpool.co/wp-content/uploads/2017/10/connectionc95d.png]
[i0.wp.com/matchpool.co/wp-content/uploads/2017/10/hierarchical-structurec95d.png]
[i2.wp.com/matchpool.co/wp-content/uploads/2017/10/ideac95d.png]
[i2.wp.com/matchpool.co/wp-content/uploads/2017/10/networking-1c95d.png]
[i1.wp.com/matchpool.co/wp-content/uploads/2017/10/Roapmap_Shuttle_to_Moon2d03.png]
[matchpool.co/roadmap/index.html]
[matchpool.co/wp-json/oembed/1.0/embedcdd3.json]
[matchpool.co/careers/index.html]
[matchpool.co/index16e6.html]
[fonts.googleapis.com/css8fca.css]
[www.bapp.co.il/xmlrpc.php]
[matchpool.co/wp-json/oembed/1.0/embed8140]
[www.bapp.co.il/wp-json/oembed/1.0/embedd296.json]
[www.bapp.co.il/about/feed/index.html]
[www.bapp.co.il/about/index.html]
[www.bapp.co.il/wp-json/oembed/1.0/embed0251]
[www.bapp.co.il/wp-json/oembed/1.0/embed1f85.json]
[www.bapp.co.il/e2e-hr/feed/index.html]
[www.bapp.co.il/wp-json/oembed/1.0/embed7608]
[www.bapp.co.il/e2e-hr/index.html]
[www.bapp.co.il/wp-content/uploads/2015/03/shutterstock_150277298-300x200.jpg]
[www.bapp.co.il/wp-json/oembed/1.0/embed538d.json]
[www.bapp.co.il/wp-json/oembed/1.0/embedd91e]
[www.bapp.co.il/jobs/feed/index.html]
[www.bapp.co.il/jobs/index.html]
[www.bapp.co.il/wp-content/uploads/2015/02/apply-now.jpg]
[www.bapp.co.il/wp-json/oembed/1.0/embed9b49.json]
[www.bapp.co.il/wp-json/oembed/1.0/embed267d]
[www.bapp.co.il/wp-content/uploads/2015/09/20150904_131623-180x180.jpg]
[www.bapp.co.il/wp-content/uploads/2015/09/FLYER-TARNEGOL-17-1030x687.jpg]
[www.bapp.co.il/wp-content/uploads/2015/09/20150904_131623-1030x580.jpg]
[www.bapp.co.il/wp-content/uploads/2015/09/DSCF2513-1030x773.jpg]
[www.bapp.co.il/events/index.html]
[www.bapp.co.il/wp-json/oembed/1.0/embeda211.json]
[www.bapp.co.il/contact/feed/index.html]
[www.bapp.co.il/contact/index.html]
[www.bapp.co.il/wp-json/oembed/1.0/embed279a]
[www.bapp.co.il/wp-json/oembed/1.0/embed105f.json]
[www.bapp.co.il/ios-developer/feed/index.html]
[www.bapp.co.il/ios-developer/index.html]
[www.bapp.co.il/wp-json/oembed/1.0/embed3f36]
[www.bapp.co.il/wp-json/oembed/1.0/embed54d4.json]
[www.bapp.co.il/android/feed/index.html]
[www.bapp.co.il/android/index.html]
[www.bapp.co.il/wp-json/oembed/1.0/embedac15]
[www.bapp.co.il/wp-json/oembed/1.0/embed8027.json]
[www.bapp.co.il/qamobile/feed/index.html]
[www.bapp.co.il/qamobile/index.html]
[www.bapp.co.il/wp-json/oembed/1.0/embed9f78]
[www.bapp.co.il/wp-json/oembed/1.0/embed17c5.json]
[www.bapp.co.il/python/feed/index.html]
[www.bapp.co.il/python/index.html]
[www.bapp.co.il/wp-json/oembed/1.0/embed10bc]
[www.bapp.co.il/wp-json/oembed/1.0/embedc898.json]
[www.bapp.co.il/java/feed/index.html]
[www.bapp.co.il/java/index.html]
[www.bapp.co.il/wp-content/themes/enfold/framework/index.html]
[www.bapp.co.il/wp-content/themes/enfold/index.html]
[fonts.googleapis.com/css9bd4.css]
[www.bapp.co.il/wp-json/oembed/1.0/embed886b]
[static.wixstatic.com/index.html]
[gmpg.org/xfn/.html]
[gmpg.org/xfn/intro.html]
[gmpg.org/xfn/faq.html]
[www.aydrate.com/index30a5.html]
[www.aydrate.com/index198a.html]
[taltop.com/index5831.html]
[taltop.com/index735a.html]
[taltop.com/index2dc8.html]
[taltop.com/index5cfa.html]
[taltop.com/index5f87.html]
[taltop.com/index2dc4.html]
[taltop.com/index905b.html]
[matchpool.co/feed/indexc9e6.html]
[matchpool.co/feed/index7542.html]
[matchpool.co/feed/index29ea.html]
[blog.gravatar.com/feed/index.html]
[fonts.googleapis.com/css32b6.css]
[matchpool.co/about/index2139.html]
[matchpool.co/about/indexc9e6.html]
[matchpool.co/about/index7542.html]
[matchpool.co/about/index29ea.html]
[matchpool.co/use-cases/index2139.html]
[matchpool.co/use-cases/indexc9e6.html]
[matchpool.co/use-cases/index7542.html]
[matchpool.co/use-cases/index29ea.html]
[matchpool.co/guppy/index2139.html]
[matchpool.co/guppy/indexc9e6.html]
[matchpool.co/guppy/index7542.html]
[matchpool.co/guppy/index29ea.html]
[matchpool.co/roadmap/index2139.html]
[matchpool.co/roadmap/indexc9e6.html]
[matchpool.co/roadmap/index7542.html]
[matchpool.co/roadmap/index29ea.html]
[matchpool.co/careers/index2139.html]
[matchpool.co/careers/indexc9e6.html]
[matchpool.co/careers/index7542.html]
[matchpool.co/careers/index29ea.html]
[www.bapp.co.il/indexcb30.html]
[www.bapp.co.il/index9787.html]
[www.bapp.co.il/indexba52.html]
[www.bapp.co.il/index78d6.html]
[www.bapp.co.il/index94b0.html]
[www.bapp.co.il/index0721.html]
[www.bapp.co.il/index8cae.html]
[www.bapp.co.il/indexbde5.html]
[www.bapp.co.il/index6ffe.html]
[www.bapp.co.il/index49a5.html]
[www.aydrate.com/wp-content/plugins/recent-tweets-widget/tp_twitter_plugin5152.css]
[www.aydrate.com/wp-json/index.html]
[www.aydrate.com/wp-includes/js/jquery/jqueryb8ff.js]
[www.aydrate.com/wp-content/plugins/woocommerce/assets/css/woocommerce-layoutdeae.css]
[www.aydrate.com/wp-includes/js/jquery/jquery-migrate.min330a.js]
[www.aydrate.com/wp-content/plugins/woocommerce/assets/css/woocommerce-smallscreendeae.css]
[www.aydrate.com/wp-content/uploads/2016/08/20160815_095147-e1472140630865.jpg]
[www.aydrate.com/wp-content/themes/novelpro/images/testimonial-back.jpg]
[www.aydrate.com/wp-content/plugins/woocommerce/assets/css/woocommercedeae.css]
[www.aydrate.com/wp-content/uploads/2017/02/20170121_083219-e1488201899405.jpg]
[www.aydrate.com/wp-content/plugins/wp-menu-cart/css/wpmenucart-iconsee45.css]
[www.aydrate.com/wp-content/themes/novelpro/images/pricing.jpg]
[www.aydrate.com/wp-content/uploads/2016/09/20160816_1535420-e1475059472954.jpg]
[www.aydrate.com/wp-content/uploads/2016/09/bike.jpg]
[www.aydrate.com/wp-content/plugins/wp-menu-cart/css/wpmenucart-mainee45.css]
[cdn.oribi.io/XzE3NzQxNjMxNTU/oribi.js]
[www.aydrate.com/wp-content/themes/novelpro/css/bootstrapee45.css]
[www.aydrate.com/wp-content/uploads/2016/09/cropped-site-icon-192x192.png]
[www.aydrate.com/wp-content/themes/novelpro/font-awesome/css/font-awesome.minee45.css]
[www.aydrate.com/wp-content/uploads/2016/09/cropped-site-icon-180x180.png]
[www.aydrate.com/wp-content/uploads/2016/09/cropped-site-icon-32x32.png]
[www.aydrate.com/wp-content/themes/novelpro/css/animateee45.css]
[www.aydrate.com/wp-content/uploads/2016/09/aydrate-logo.png]
[www.aydrate.com/wp-content/themes/novelpro/css/jquery.bxslideree45.css]
[www.aydrate.com/wp-content/uploads/2016/08/Aidrate_what_if.jpg]
[www.aydrate.com/wp-content/uploads/2016/09/IMG_20150207_084603.jpg]
[www.aydrate.com/wp-content/themes/novelpro/css/prettyPhotoee45.css]
[www.aydrate.com/wp-content/uploads/2017/07/Aydrate-new.mp4]
[www.aydrate.com/wp-content/themes/novelpro/css/menu-cssee45.css]
[www.aydrate.com/wp-content/uploads/thumb-cache/omrisq-89b8a632f519858cec10f762f72d90e0-225x225-100-crop.jpg]
[www.aydrate.com/wp-content/uploads/thumb-cache/brucesq-f399fd926acf28fa981cc27ba7e28170-225x225-100-crop.jpg]
[www.aydrate.com/wp-content/themes/novelpro/css/owl.carouselee45.css]
[www.aydrate.com/wp-content/uploads/thumb-cache/yaronsq-6b0de3516602ec95cb39564052b1234a-225x225-100-crop.jpg]
[www.aydrate.com/wp-content/themes/novelpro/styleee45.css]
[www.aydrate.com/wp-content/uploads/thumb-cache/shanisq-88fd20522cfbccbcbaaa145ab032f0a8-225x225-100-crop.jpg]
[www.aydrate.com/wp-content/uploads/thumb-cache/eitziksq-38215e328d18d8d9a69f9f761632dcda-225x225-100-crop.jpg]
[www.aydrate.com/wp-content/plugins/lead-form-builder/css/f-styleee45.css]
[www.aydrate.com/wp-content/uploads/thumb-cache/oren-55a8bb035682168142e68371d246837b-225x225-100-crop.jpg]
[www.aydrate.com/wp-content/plugins/lead-form-builder/images/load.gif]
[www.aydrate.com/wp-content/plugins/woocommerce/assets/js/frontend/add-to-cart.mindeae.js]
[www.aydrate.com/wp-content/plugins/woocommerce/assets/js/js-cookie/js.cookie.min6b25.js]
[www.aydrate.com/news/index.html]
[www.aydrate.com/wp-content/plugins/woocommerce/assets/js/frontend/woocommerce.mindeae.js]
[www.aydrate.com/[14_56, 10/16/2017] ברוס_ https_/www.linkedin.com/in/itzikzalma/index.html]
[www.aydrate.com/wp-content/plugins/woocommerce/assets/js/frontend/cart-fragments.mindeae.js]
[www.aydrate.com/presenting-at-webit/index.html]
[www.aydrate.com/wp-content/themes/novelpro/js/classie5a7e.js]
[www.aydrate.com/wp-content/themes/novelpro/js/jqBootstrapValidation5a7e.js]
[www.aydrate.com/wp-content/themes/novelpro/js/bootstrap5a7e.js]
[www.chattifi.com/css/bootstrap.min.css]
[www.chattifi.com/css/converse.css]
[taltop.com/index.php/feed/index.html]
[taltop.com/index.php/comments/feed/index.html]
[www.chattifi.com/css/mobile.css]
[taltop.com/wp-content/plugins/duracelltomi-google-tag-manager/js/gtm4wp-contact-form-7-tracker4735.js]
[taltop.com/wp-includes/js/jquery/jquery-migrate.min330a.js]
[taltop.com/wp-includes/js/jquery/jqueryb8ff.js]
[taltop.com/xmlrpc.php]
[taltop.com/index.php/wp-json/index.html]
[taltop.com/wp-content/plugins/contact-form-7/includes/css/styles33a6.css]
[taltop.com/wp-content/plugins/contact-form-7/includes/css/styles-rtl33a6.css]
[taltop.com/wp-includes/wlwmanifest.xml]
[taltop.com/wp-content/themes/square/css/jquery.bxslider8aee.css]
[taltop.com/wp-content/plugins/duracelltomi-google-tag-manager/js/gtm4wp-form-move-tracker4735.js]
[taltop.com/wp-content/themes/square/css/animate5152.css]
[taltop.com/wp-content/themes/square/images/bg.jpg]
[taltop.com/wp-content/themes/square/css/font-awesome4698.css]
[taltop.com/wp-content/themes/square/images/banner-shadow.png]
[taltop.com/wp-content/themes/square/css/owl.carousel3ba1.css]
[taltop.com/wp-content/themes/square/js/modernizr6fca.js]
[taltop.com/wp-content/themes/square/css/owl.theme3ba1.css]
[taltop.com/wp-content/plugins/contact-form-7/includes/js/scripts33a6.js]
[taltop.com/wp-content/themes/square/styleee45.css]
[taltop.com/indexed4e.html]
[taltop.com/indexed4e.html]
[taltop.com/wp-content/themes/square/js/jquery.bxslider8aee.js]
[taltop.com/index.php/sendcv/index.html]
[taltop.com/wp-content/themes/square/js/owl.carousel3ba1.js]
[taltop.com/wp-content/themes/square/js/jquery.superfishdc1b.js]
[taltop.com/wp-content/themes/square/js/draggabilly.pkgd.min3ba1.js]
[kado.tech/wp-content/plugins/LayerSlider/static/css/layerslider6fda.css]
[taltop.com/wp-content/themes/square/js/elastiStack8a54.js]
[kado.tech/wp-content/plugins/contact-form-7/includes/css/styles33a6.css]
[taltop.com/wp-content/themes/square/js/square-customc7bc.js]
[kado.tech/wp-content/plugins/revslider/public/assets/css/settings5223.css]
[kado.tech/wp-content/plugins/popup-click/public/templates/css/defaultsd279.css]
[kado.tech/wp-content/plugins/popup-click/public/templates/css/fontsd279.css]
[kado.tech/wp-content/plugins/popup-click/public/templates/m-6/css/based279.css]
[kado.tech/wp-content/plugins/popup-click/public/templates/m-6/black-6/css/styled279.css]
[kado.tech/wp-content/themes/startit/stylead6f.css]
[kado.tech/wp-content/themes/startit/assets/css/plugins.minad6f.css]
[kado.tech/wp-content/themes/startit/assets/css/modules.minad6f.css]
[kado.tech/wp-content/themes/startit/assets/css/font-awesome/css/font-awesome.minad6f.css]
[kado.tech/wp-content/themes/startit/assets/css/elegant-icons/style.minad6f.css]
[kado.tech/wp-content/themes/startit/assets/css/ion-icons/css/ionicons.minad6f.css]
[kado.tech/wp-json/index.html]
[kado.tech/wp-content/themes/startit/assets/css/linea-icons/stylead6f.css]
[kado.tech/wp-content/themes/startit/assets/css/simple-line-icons/simple-line-iconsad6f.css]
[kado.tech/wp-json/oembed/1.0/embedb705.json]
[kado.tech/wp-content/themes/startit/assets/css/dripicons/dripiconsad6f.css]
[kado.tech/wp-json/oembed/1.0/embeded64]
[kado.tech/wp-content/themes/startit/assets/css/style_dynamic147e.css]
[kado.tech/wp-content/themes/startit/assets/css/modules-responsive.minad6f.css]
[kado.tech/wp-content/themes/startit/assets/css/blog-responsive.minad6f.css]
[kado.tech/wp-content/themes/startit/assets/css/style_dynamic_responsive147e.css]
[kado.tech/wp-content/plugins/js_composer/assets/css/js_composer.min9d08.css]
[kado.tech/xmlrpc0db0.html]
[connect.facebook.net/en_US/fbevents.js]
[www.facebook.com/tr7474.gif]
[matchpool.co/comments/feed/index.html]
[matchpool.co/wp-json/index.html]
[i2.wp.com/matchpool.co/wp-content/uploads/2016/12/matchpool_homeac50.jpg]
[kado.tech/wp-content/plugins/js_composer/assets/lib/bower/flexslider/flexslider.min9d08.css]
[i1.wp.com/matchpool.co/wp-content/uploads/2017/10/eye7989.png]
[kado.tech/wp-content/plugins/js_composer/assets/lib/prettyphoto/css/prettyPhoto.min9d08.css]
[i2.wp.com/matchpool.co/wp-content/uploads/2016/12/atom7989.png]
[kado.tech/wp-includes/css/dashicons.minad6f.css]
[i2.wp.com/matchpool.co/wp-content/uploads/2016/12/badge7989.png]
[kado.tech/wp-content/plugins/wordpress-popup/assets/css/front4c56.css]
[i2.wp.com/matchpool.co/wp-content/uploads/2016/12/mountains2d03.png]
[www.bapp.co.il/feed/index.html]
[www.bapp.co.il/comments/feed/index.html]
[www.bapp.co.il/homepage/feed/index.html]
[www.bapp.co.il/wp-json/index.html]
[helpi.io/js/libs.js]
[use.typekit.net/hwu1dmx.js]
[matchpool.co/wp-content/plugins/progress-bar/css/wppbe100.css]
[www.getkvisi.com/sitemap.xml]
[matchpool.co/wp-content/plugins/sitepress-multilingual-cms/templates/language-switchers/legacy-dropdown/style68b3.css]
[matchpool.co/wp-content/plugins/sitepress-multilingual-cms/templates/language-switchers/legacy-list-horizontal/style68b3.css]
[www.aydrate.com/presenting-at-webit/feed/index.html]
[matchpool.co/wp-content/plugins/sitepress-multilingual-cms/templates/language-switchers/menu-item/style68b3.css]
[matchpool.co/wp-content/plugins/the-countdown-pro/css/countdown3c94.css]
[matchpool.co/wp-content/plugins/wpml-cms-nav/res/css/navigation6648.css]
[matchpool.co/wp-content/plugins/wpml-cms-nav/res/css/cms-navigation-base6648.css]
[matchpool.co/wp-content/plugins/wpml-cms-nav/res/css/cms-navigation6648.css]
[matchpool.co/wp-content/themes/matchpool/bb-press/bb-presse100.css]
[matchpool.co/wp-content/themes/matchpool_child/stylee100.css]
[matchpool.co/wp-content/plugins/be-page-builder/css/layoute100.css]
[matchpool.co/wp-content/themes/matchpool/fonts/icomoon/stylee100.css]
[matchpool.co/wp-content/themes/matchpool/css/magnific-popupe100.css]
[matchpool.co/wp-content/themes/matchpool/css/flexslidere100.css]
[taltop.com/index.php/about/feed/index.html]
[matchpool.co/wp-content/themes/matchpool/css/animate-custome100.css]
[matchpool.co/wp-content/themes/matchpool/css/be-slidere100.css]
[matchpool.co/wp-json/index50bf.html]
[matchpool.co/comments/feed/indexc9e6.html]
[matchpool.co/wp-content/themes/matchpool/fonts/fontse100.css]
[matchpool.co/wp-content/plugins/simple-lightbox/client/css/appd315.css]
[matchpool.co/wp-json/index069a.html]
[matchpool.co/wp-json/indexd293.html]
[matchpool.co/wp-content/uploads/mc4wp-stylesheets/bundle87fb.css]
[matchpool.co/wp-content/plugins/be-page-builder/css/shortcodese100.css]
[matchpool.co/comments/feed/index7542.html]
[matchpool.co/wp-content/plugins/be-page-builder/css/justifiedGallery.mine100.css]
[matchpool.co/wp-json/index2580.html]
[matchpool.co/wp-json/index559c.html]
[matchpool.co/wp-content/plugins/jetpack/css/jetpack91d5.css]
[matchpool.co/wp-json/indexf15b.html]
[matchpool.co/comments/feed/index29ea.html]
[matchpool.co/wp-json/indexa095.html]
[matchpool.co/wp-json/index389e.html]
[matchpool.co/wp-json/index5da7.html]
[i0.wp.com/matchpool.co/wp-content/uploads/2017/10/connectionbb05.png]
[i1.wp.com/matchpool.co/wp-content/uploads/2017/10/eye8243.png]
[matchpool.co/wp-content/uploads/fbrfg/safari-pinned-tab.svg]
[i1.wp.com/matchpool.co/wp-content/uploads/2017/10/Matchpool-Teamb94e.jpg]
[i2.wp.com/matchpool.co/wp-content/uploads/2017/10/money7989.png]
[i1.wp.com/matchpool.co/wp-content/uploads/2017/10/teamworkc95d.png]
[i1.wp.com/matchpool.co/wp-content/uploads/2017/10/designc95d.png]
[i1.wp.com/matchpool.co/wp-content/uploads/2017/10/Roapmap_Shuttle_to_Moon2d03.png]
[s0.wp.com/wp-content/js/devicepx-jetpacke0f4.js]
[www.bapp.co.il/about/feed/index.html]
[secure.gravatar.com/js/gprofiles8778.js]
[www.bapp.co.il/e2e-hr/feed/index.html]
[www.bapp.co.il/jobs/feed/index.html]
[www.bapp.co.il/contact/feed/index.html]
[www.bapp.co.il/ios-developer/feed/index.html]
[www.bapp.co.il/android/feed/index.html]
[www.bapp.co.il/qamobile/feed/index.html]
[www.bapp.co.il/python/feed/index.html]
[stats.wp.com/e-201752.js]
[www.bapp.co.il/wp-content/plugins/animate-it/assets/css/animate-animo5859.css]
[www.bapp.co.il/wp-content/plugins/download-monitor/assets/css/frontend5859.css]
[www.bapp.co.il/java/feed/index.html]
[www.bapp.co.il/wp-content/themes/enfold-child/css/rtl.min28a3.css]
[www.bapp.co.il/wp-content/themes/enfold-child/css/rtl-woocommerce.min2970.css]
[www.bapp.co.il/wp-content/themes/enfold-child/genericons/genericonscf1b.css]
[www.bapp.co.il/wp-content/themes/enfold/css/grid77ae.css]
[www.bapp.co.il/wp-content/themes/enfold/css/base77ae.css]
[www.bapp.co.il/wp-content/themes/enfold/css/layout77ae.css]
[www.bapp.co.il/wp-content/themes/enfold/css/shortcodes77ae.css]
[www.bapp.co.il/wp-content/themes/enfold/js/aviapopup/magnific-popup68b3.css]
[www.bapp.co.il/wp-content/themes/enfold/js/mediaelement/skin-1/mediaelementplayer68b3.css]
[www.bapp.co.il/wp-content/themes/enfold/css/print68b3.css]
[www.bapp.co.il/wp-content/themes/enfold/css/rtl68b3.css]
[www.bapp.co.il/wp-content/uploads/dynamic_avia/theme_optionsf406.css]
[www.bapp.co.il/wp-content/themes/enfold/css/custom77ae.css]
[www.bapp.co.il/wp-content/themes/enfold-child/style77ae.css]
[www.bapp.co.il/xmlrpc.php]
[www.bapp.co.il/wp-content/themes/enfold/config-templatebuilder/avia-template-builder/assets/fonts/entypo-fontello30f4.svg]
[www.bapp.co.il/wp-content/uploads/avia_fonts/fontello/fontello.svg]
[www.bapp.co.il/wp-content/plugins/ninja-forms-style/css/ninja-forms-style-display5859.css]
[www.bapp.co.il/wp-content/plugins/ninja-forms/deprecated/css/ninja-forms-displayb3a4.css]
[www.bapp.co.il/wp-content/plugins/ninja-forms/deprecated/css/qtip5859.css]
[www.bapp.co.il/wp-content/plugins/ninja-forms/deprecated/css/jquery.rating5859.css]
[helpi.io/img/helpi-icon.html]
[helpi.io/libs/bootstrap/css/bootstrap-grid.min.css]
[helpi.io/libs/pe-icon-7-stroke/css/pe-icon-7-stroke.css]
[helpi.io/libs/font-awesome-4.6.3/css/font-awesome.min.css]
[helpi.io/libs/superfish-master/css/superfish.css]
[helpi.io/libs/magnific-popup/magnific-popup.css]
[helpi.io/libs/ytp-player/css/jquery.mb.YTPlayer.min.css]
[helpi.io/libs/slick/slick.css]
[helpi.io/libs/animate/animate.css]
[helpi.io/css/main.css]
[static.parastorage.com/services/third-party/requirejs/2.1.15/require.min.js]
[static.parastorage.com/services/santa/1.2648.20/app/main-r.min.js]
[www.bapp.co.il/wp-content/themes/enfold/config-templatebuilder/avia-template-builder/assets/fonts/entypo-fontello30f4.woff]
[www.getkvisi.com/feed.html]
[gmpg.org/xfn/default.css]
[www.aydrate.com/index198a.html]
[taltop.com/index5831.html]
[taltop.com/index735a.html]
[taltop.com/index2dc8.html]
[taltop.com/index5cfa.html]
[taltop.com/index5f87.html]
[taltop.com/index2dc4.html]
[taltop.com/index905b.html]
[matchpool.co/feed/indexc9e6.html]
[matchpool.co/feed/index7542.html]
[matchpool.co/feed/index29ea.html]
[s.gravatar.com/css/style65de.css]
[s.gravatar.com/css/profile65de.css]
[s.gravatar.com/css/jquery.Jcrop.0.9.1265de.css]
[secure.gravatar.com/js/jcarousel/lib/jquery.jcarousel.css]
[secure.gravatar.com/js/jcarousel/skins/tango/skin.css]
[blog.gravatar.com/feed/index.html]
[s0.wp.com/i/noticons/noticons.css]
[matchpool.co/use-cases/index2139.html]
[matchpool.co/careers/index2139.html]
[www.bapp.co.il/indexcb30.html]
[www.bapp.co.il/index9787.html]
[www.bapp.co.il/indexba52.html]
[www.bapp.co.il/index78d6.html]
[www.bapp.co.il/index94b0.html]
[www.bapp.co.il/index0721.html]
[www.bapp.co.il/index8cae.html]
[www.bapp.co.il/indexbde5.html]
[www.bapp.co.il/index6ffe.html]
[www.bapp.co.il/index49a5.html]
[www.chattifi.com/ajax.googleapis.com/ajax/libs/jquery/1.8/jquery.min.html]
[www.chattifi.com/js.hsforms.net/forms/current.html]
[taltop.com/xmlrpc0db0.php]
